**********************
Inicio de la transcripción de Windows PowerShell
Hora de inicio: 20260731121302
Nombre de usuario: ALEJANDRO\aleja
Usuario RunAs: ALEJANDRO\aleja
Nombre de la configuración: 
Máquina: ALEJANDRO (Microsoft Windows NT 10.0.26200.0)
Aplicación host: C:\WINDOWS\System32\WindowsPowerShell\v1.0\powershell.exe -noexit -command try { . "c:\Users\aleja\AppData\Local\Programs\Microsoft VS Code\e4c7e7b1d6\resources\app\out\vs\workbench\contrib\terminal\common\scripts\shellIntegration.ps1" } catch {}
Id. de proceso: 21456
PSVersion: 5.1.26100.8875
PSEdition: Desktop
PSCompatibleVersions: 1.0, 2.0, 3.0, 4.0, 5.0, 5.1.26100.8875
BuildVersion: 10.0.26100.8875
CLRVersion: 4.0.30319.42000
WSManStackVersion: 3.0
PSRemotingProtocolVersion: 2.3
SerializationVersion: 1.1.0.1
**********************
[12:13:02] [INFO] Log start.ps1: C:\dev\CS2-Predictor\CS2\PIPELINE\logs\start_20260731_121301.log
PS>ErrorTerminación(py.exe): "Se detuvo el comando en ejecución porque la variable de preferencia "ErrorActionPreference" o un parámetro común se han establecido en Stop: No suitable Python runtime found"
[12:13:03] [INFO] [BLACKBOX] Auto-heal: comprobando salud de la BBDD
[blackbox] INFO: auto-heal: BBDD sana (C:\dev\CS2-Predictor\CS2\BBDD\cs2.db); no se hace nada.
[12:13:14] [INFO] [1/11] Inicializando/sembrando BBDD viva si hace falta
python.exe : Traceback (most recent call last):
En C:\dev\CS2-Predictor\CS2\PIPELINE\pipeline.helpers.ps1: 98 Carácter: 9
+         & $FilePath @Arguments 2> $stderrFile.FullName | ForEach-Obje ...
+         ~~~~~~~~~~~~~~~~~~~~~~~~~~~~~~~~~~~~~~~~~~~~~~
    + CategoryInfo          : NotSpecified: (Traceback (most recent call last)::String) [], RemoteException
    + FullyQualifiedErrorId : NativeCommandError
  File "C:\dev\CS2-Predictor\CS2\BBDD\build_db.py", line 44, in <module>
python.exe : Traceback (most recent call last):
En C:\dev\CS2-Predictor\CS2\PIPELINE\pipeline.helpers.ps1: 98 Carácter: 9
+         & $FilePath @Arguments 2> $stderrFile.FullName | ForEach-Obje ...
+         ~~~~~~~~~~~~~~~~~~~~~~~~~~~~~~~~~~~~~~~~~~~~~~
    + CategoryInfo          : NotSpecified: (Traceback (most recent call last)::String) [], RemoteException
    + FullyQualifiedErrorId : NativeCommandError

  File "C:\dev\CS2-Predictor\CS2\BBDD\build_db.py", line 44, in <module>
    from cs2model import dataio
  File "C:\dev\CS2-Predictor\CS2\MODEL\cs2model\__init__.py", line 18, in <module>
    from .features import ChronologicalState, FEATURE_COLUMNS, DIFF_COLUMNS, build_training_frame
  File "C:\dev\CS2-Predictor\CS2\MODEL\cs2model\features.py", line 41, in <module>
    from .config import get_runtime_config
  File "C:\dev\CS2-Predictor\CS2\MODEL\cs2model\config.py", line 12, in <module>
    import yaml
ModuleNotFoundError: No module named 'yaml'
[12:13:14] [ERROR] Semilla BBDD FALLO exit=1 elapsed=0,6s
PS>ErrorTerminación(): "Semilla BBDD fallo con exit code 1."
>> ErrorTerminación(): "Semilla BBDD fallo con exit code 1."
PS>ErrorTerminación(): "Semilla BBDD fallo con exit code 1."
[12:13:14] [ERROR] ERROR start.ps1: Semilla BBDD fallo con exit code 1.
[12:13:14] [WARN] Log completo: C:\dev\CS2-Predictor\CS2\PIPELINE\logs\start_20260731_121301.log
**********************
Fin de la transcripción de Windows PowerShell
Hora de finalización: 20260731121314
**********************
